Microsoft Windows [Version 10.0.17134.590]
(c) 2018 Microsoft Corporation. All rights reserved.

C:\Users\frank>mysqld
2019-02-18T00:49:27.123721Z 0 [System] [MY-010116] [Server] C:\Program Files\MySQL\MySQL Server 8.0\bin\mysqld.exe (mysqld 8.0.15) starting as process 16776
2019-02-18T00:49:27.127387Z 0 [Warning] [MY-010091] [Server] Can't create test file C:\Program Files\MySQL\MySQL Server 8.0\data\LAPTOP-T71DK9OF.lower-test
2019-02-18T00:49:27.127533Z 0 [Warning] [MY-010091] [Server] Can't create test file C:\Program Files\MySQL\MySQL Server 8.0\data\LAPTOP-T71DK9OF.lower-test
2019-02-18T00:49:27.127748Z 0 [ERROR] [MY-013276] [Server] Failed to set datadir to 'C:\Program Files\MySQL\MySQL Server 8.0\data\' (OS errno: 2 - No such file or directory)
2019-02-18T00:49:27.141983Z 0 [ERROR] [MY-010119] [Server] Aborting
2019-02-18T00:49:27.142133Z 0 [System] [MY-010910] [Server] C:\Program Files\MySQL\MySQL Server 8.0\bin\mysqld.exe: Shutdown complete (mysqld 8.0.15)  MySQL Community Server - GPL.

C:\Users\frank>ls
'3D Objects'
 AppData
'Application Data'
 Contacts
 Cookies
 Desktop
 Documents
 Downloads
 Favorites
 IdeaProjects
 Intel
 IntelGraphicsProfiles
 Links
'Local Settings'
 MicrosoftEdgeBackups
 Music
'My Documents'
 NTUSER.DAT
 NTUSER.DAT{8ebe95f7-3dcb-11e8-a9d9-7cfe90913f50}.TM.blf
 NTUSER.DAT{8ebe95f7-3dcb-11e8-a9d9-7cfe90913f50}.TMContainer00000000000000000001.regtrans-ms
 NTUSER.DAT{8ebe95f7-3dcb-11e8-a9d9-7cfe90913f50}.TMContainer00000000000000000002.regtrans-ms
 NetHood
 OneDrive
 PrintHood
 PycharmProjects
 Recent
'Saved Games'
 Searches
 SendTo
'Start Menu'
 Templates
 Videos
 hellopython
 myvenv
 ntuser.dat.LOG1
 ntuser.dat.LOG2
 ntuser.ini
 pythondjango
 roboticPark.sqlite
 venv

C:\Users\frank>mysqladmin -u
mysqladmin: [ERROR] mysqladmin: option '-u' requires an argument.

C:\Users\frank>
C:\Users\frank>mysqladmin -u root -p
mysqladmin  Ver 8.0.15 for Win64 on x86_64 (MySQL Community Server - GPL)
Copyright (c) 2000, 2019, Oracle and/or its affiliates. All rights reserved.

Oracle is a registered trademark of Oracle Corporation and/or its
affiliates. Other names may be trademarks of their respective
owners.

Administration program for the mysqld daemon.
Usage: mysqladmin [OPTIONS] command command....
  --bind-address=name IP address to bind to.
  -c, --count=#       Number of iterations to make. This works with -i
                      (--sleep) only.
  -#, --debug[=#]     This is a non-debug version. Catch this and exit.
  --debug-check       This is a non-debug version. Catch this and exit.
  --debug-info        This is a non-debug version. Catch this and exit.
  -f, --force         Don't ask for confirmation on drop database; with
                      multiple commands, continue even if an error occurs.
  -C, --compress      Use compression in server/client protocol.
  --character-sets-dir=name
                      Directory for character set files.
  --default-character-set=name
                      Set the default character set.
  -?, --help          Display this help and exit.
  -h, --host=name     Connect to host.
  -b, --no-beep       Turn off beep on error.
  -p, --password[=name]
                      Password to use when connecting to server. If password is
                      not given it's asked from the tty.
  -W, --pipe          Use named pipes to connect to server.
  -P, --port=#        Port number to use for connection or 0 for default to, in
                      order of preference, my.cnf, $MYSQL_TCP_PORT,
                      /etc/services, built-in default (3306).
  --protocol=name     The protocol to use for connection (tcp, socket, pipe,
                      memory).
  -r, --relative      Show difference between current and previous values when
                      used with -i. Currently only works with extended-status.
  --shared-memory-base-name=name
                      Base name of shared memory.
  -s, --silent        Silently exit if one can't connect to server.
  -S, --socket=name   The socket file to use for connection.
  -i, --sleep=#       Execute commands repeatedly with a sleep between.
  --ssl-mode=name     SSL connection mode.
  --ssl-ca=name       CA file in PEM format.
  --ssl-capath=name   CA directory.
  --ssl-cert=name     X509 cert in PEM format.
  --ssl-cipher=name   SSL cipher to use.
  --ssl-key=name      X509 key in PEM format.
  --ssl-crl=name      Certificate revocation list.
  --ssl-crlpath=name  Certificate revocation list path.
  --tls-version=name  TLS version to use, permitted values are: TLSv1, TLSv1.1,
                      TLSv1.2
  --ssl-fips-mode=name
                      SSL FIPS mode (applies only for OpenSSL); permitted
                      values are: OFF, ON, STRICT
  --server-public-key-path=name
                      File path to the server public RSA key in PEM format.
  --get-server-public-key
                      Get server public key
  -u, --user=name     User for login if not current user.
  -v, --verbose       Write more information.
  -V, --version       Output version information and exit.
  -E, --vertical      Print output vertically. Is similar to --relative, but
                      prints output vertically.
  -w, --wait[=#]      Wait and retry if connection is down.
  --connect-timeout=#
  --shutdown-timeout=#
  --plugin-dir=name   Directory for client-side plugins.
  --default-auth=name Default authentication client-side plugin to use.
  --enable-cleartext-plugin
                      Enable/disable the clear text authentication plugin.
  --show-warnings     Show warnings after execution

Variables (--variable-name=value)
and boolean options {FALSE|TRUE}  Value (after reading options)
--------------------------------- ----------------------------------------
bind-address                      (No default value)
count                             0
force                             FALSE
compress                          FALSE
character-sets-dir                (No default value)
default-character-set             auto
host                              (No default value)
no-beep                           FALSE
port                              0
relative                          FALSE
shared-memory-base-name           (No default value)
socket                            (No default value)
sleep                             0
ssl-ca                            (No default value)
ssl-capath                        (No default value)
ssl-cert                          (No default value)
ssl-cipher                        (No default value)
ssl-key                           (No default value)
ssl-crl                           (No default value)
ssl-crlpath                       (No default value)
tls-version                       (No default value)
server-public-key-path            (No default value)
get-server-public-key             FALSE
user                              root
verbose                           FALSE
vertical                          FALSE
connect-timeout                   43200
shutdown-timeout                  3600
plugin-dir                        (No default value)
default-auth                      (No default value)
enable-cleartext-plugin           FALSE
show-warnings                     FALSE

Default options are read from the following files in the given order:
C:\windows\my.ini C:\windows\my.cnf C:\my.ini C:\my.cnf C:\Program Files\MySQL\MySQL Server 8.0\my.ini C:\Program Files\MySQL\MySQL Server 8.0\my.cnf
The following groups are read: mysqladmin client
The following options may be given as the first argument:
--print-defaults        Print the program argument list and exit.
--no-defaults           Don't read default options from any option file,
                        except for login file.
--defaults-file=#       Only read default options from the given file #.
--defaults-extra-file=# Read this file after the global files are read.
--defaults-group-suffix=#
                        Also read groups with concat(group, suffix)
--login-path=#          Read this path from the login file.

Where command is a one or more of: (Commands may be shortened)
  create databasename   Create a new database
  debug                 Instruct server to write debug information to log
  drop databasename     Delete a database and all its tables
  extended-status       Gives an extended status message from the server
  flush-hosts           Flush all cached hosts
  flush-logs            Flush all logs
  flush-status          Clear status variables
  flush-tables          Flush all tables
  flush-threads         Flush the thread cache
  flush-privileges      Reload grant tables (same as reload)
  kill id,id,...        Kill mysql threads
  password [new-password] Change old password to new-password in current format
  ping                  Check if mysqld is alive
  processlist           Show list of active threads in server
  reload                Reload grant tables
  refresh               Flush all tables and close and open logfiles
  shutdown              Take server down
  status                Gives a short status message from the server
  start-slave           Start slave
  stop-slave            Stop slave
  variables             Prints variables available
  version               Get version info from server

C:\Users\frank>mysql -p
Enter password: ********
ERROR 1045 (28000): Access denied for user 'ODBC'@'localhost' (using password: YES)

C:\Users\frank>mysql -u root -p
Enter password: ********
Welcome to the MySQL monitor.  Commands end with ; or \g.
Your MySQL connection id is 12
Server version: 8.0.15 MySQL Community Server - GPL

Copyright (c) 2000, 2019, Oracle and/or its affiliates. All rights reserved.

Oracle is a registered trademark of Oracle Corporation and/or its
affiliates. Other names may be trademarks of their respective
owners.

Type 'help;' or '\h' for help. Type '\c' to clear the current input statement.

mysql> CREATE database rp;
Query OK, 1 row affected (0.01 sec)

mysql> ls
    -> ;
ERROR 1064 (42000): You have an error in your SQL syntax; check the manual that corresponds to your MySQL server version for the right syntax to use near 'ls' at line 1
mysql> CREATE table lib (
    -> vid_id MEDIUMINT UNSIGNED NOT NULL AUTO_INCREMENT,
    -> file_name VARCHAR(25) NOT NULL,
    -> file_path VARCHAR(75) NOT NULL
    -> );
ERROR 1046 (3D000): No database selected
mysql> USE rp;
Database changed
mysql> CREATE table lib (
    -> vid_id MEDIUMINT UNSIGNED NOT NULL AUTO_INCREMENT,
    -> file_name VARCHAR(25) NOT NULL,
    -> file_path VARCHAR(75) NOT NULL
    -> );
ERROR 1075 (42000): Incorrect table definition; there can be only one auto column and it must be defined as a key
mysql> CREATE table lib (
    -> vid_id MEDIUMINT UNSIGNED NOT NULL AUTO_INCREMENT,
    -> file_name VARCHAR(25) NOT NULL,
    -> file_path VARCHAR(75) NOT NULL
    -> PRIMARY KEY (vid_id)
    -> );
ERROR 1064 (42000): You have an error in your SQL syntax; check the manual that corresponds to your MySQL server version for the right syntax to use near '(vid_id)
)' at line 5
mysql> CREATE table lib (
    -> vid_id MEDIUMINT UNSIGNED NOT NULL AUTO_INCREMENT,
    -> file_name VARCHAR(25) NOT NULL,
    -> file_path VARCHAR(75) NOT NULL,
    -> PRIMARY KEY (vid_id)
    -> );
Query OK, 0 rows affected (0.05 sec)

mysql> CREATE table res (
    -> res_id MEDIUMINT UNSIGNED NOT NULL AUTO_INCREMENT,
    -> email varchar(60) NOT NULL,
    -> date DATETIME NOT NULL,
    -> time TIME NOT NULL,
    -> PRIMARY KEY (res_id)
    -> );
Query OK, 0 rows affected (0.07 sec)

mysql> show tables
    -> ;
+--------------+
| Tables_in_rp |
+--------------+
| lib          |
| res          |
+--------------+
2 rows in set (0.01 sec)

mysql> select * from lib;
Empty set (0.01 sec)

mysql> hel[
    -> ;
ERROR 1064 (42000): You have an error in your SQL syntax; check the manual that corresponds to your MySQL server version for the right syntax to use near 'hel[' at line 1
mysql> help

For information about MySQL products and services, visit:
   http://www.mysql.com/
For developer information, including the MySQL Reference Manual, visit:
   http://dev.mysql.com/
To buy MySQL Enterprise support, training, or other products, visit:
   https://shop.mysql.com/

List of all MySQL commands:
Note that all text commands must be first on line and end with ';'
?         (\?) Synonym for `help'.
clear     (\c) Clear the current input statement.
connect   (\r) Reconnect to the server. Optional arguments are db and host.
delimiter (\d) Set statement delimiter.
ego       (\G) Send command to mysql server, display result vertically.
exit      (\q) Exit mysql. Same as quit.
go        (\g) Send command to mysql server.
help      (\h) Display this help.
notee     (\t) Don't write into outfile.
print     (\p) Print current command.
prompt    (\R) Change your mysql prompt.
quit      (\q) Quit mysql.
rehash    (\#) Rebuild completion hash.
source    (\.) Execute an SQL script file. Takes a file name as an argument.
status    (\s) Get status information from the server.
tee       (\T) Set outfile [to_outfile]. Append everything into given outfile.
use       (\u) Use another database. Takes database name as argument.
charset   (\C) Switch to another charset. Might be needed for processing binlog with multi-byte charsets.
warnings  (\W) Show warnings after every statement.
nowarning (\w) Don't show warnings after every statement.
resetconnection(\x) Clean session context.

For server side help, type 'help contents'

mysql> SHOW CREAT TABLE res
    -> ;
ERROR 1064 (42000): You have an error in your SQL syntax; check the manual that corresponds to your MySQL server version for the right syntax to use near 'CREAT TABLE res' at line 1
mysql> SHOW CREATE TABLE res;
+-------+----------------------------------------------------------------------------------------------------------------------------------------------------------------------------------------------------------------------------------------------------------------+
| Table | Create Table                                                                                                                                                                                                                                                   |
+-------+----------------------------------------------------------------------------------------------------------------------------------------------------------------------------------------------------------------------------------------------------------------+
| res   | CREATE TABLE `res` (
  `res_id` mediumint(8) unsigned NOT NULL AUTO_INCREMENT,
  `email` varchar(60) NOT NULL,
  `date` datetime NOT NULL,
  `time` time NOT NULL,
  PRIMARY KEY (`res_id`)
) ENGINE=InnoDB DEFAULT CHARSET=utf8mb4 COLLATE=utf8mb4_0900_ai_ci |
+-------+----------------------------------------------------------------------------------------------------------------------------------------------------------------------------------------------------------------------------------------------------------------+
1 row in set (0.00 sec)

mysql> SHOW CREATE TABLE res/G;
ERROR 1064 (42000): You have an error in your SQL syntax; check the manual that corresponds to your MySQL server version for the right syntax to use near '/G' at line 1
mysql> SHOW CREATE TABLE res\G;
*************************** 1. row ***************************
       Table: res
Create Table: CREATE TABLE `res` (
  `res_id` mediumint(8) unsigned NOT NULL AUTO_INCREMENT,
  `email` varchar(60) NOT NULL,
  `date` datetime NOT NULL,
  `time` time NOT NULL,
  PRIMARY KEY (`res_id`)
) ENGINE=InnoDB DEFAULT CHARSET=utf8mb4 COLLATE=utf8mb4_0900_ai_ci
1 row in set (0.00 sec)

ERROR:
No query specified

mysql> SHOW CREATE TABLE lib\G;
*************************** 1. row ***************************
       Table: lib
Create Table: CREATE TABLE `lib` (
  `vid_id` mediumint(8) unsigned NOT NULL AUTO_INCREMENT,
  `file_name` varchar(25) NOT NULL,
  `file_path` varchar(75) NOT NULL,
  PRIMARY KEY (`vid_id`)
) ENGINE=InnoDB DEFAULT CHARSET=utf8mb4 COLLATE=utf8mb4_0900_ai_ci
1 row in set (0.00 sec)

ERROR:
No query specified

mysql>